// Jest Snapshot v1, https://goo.gl/fbAQLP

exports[`Segment should render correctly 1`] = `
<DocumentFragment>
  <section
    class="go115679"
  >
    <div
      class="go4161270645"
    >
      <h3
        class="go1148060721"
      />
    </div>
    <div
      class="go3253515101"
    />
  </section>
</DocumentFragment>
`;
