// Jest Snapshot v1, https://goo.gl/fbAQLP

exports[`PasswordEntity should render correctly 1`] = `
<DocumentFragment>
  <button
    class="go113998"
  >
    <span
      class="go1470750214"
    >
      <div
        class="go4131202203"
      >
        <div
          class="go3306043453"
        >
          <span
            class="go3514387725"
          >
            Label
          </span>
           - 
          <strong
            class="go1914257566"
          >
            My EA Account
          </strong>
        </div>
        <div
          class="go3306043453"
        >
          <span
            class="go3514387725"
          >
            Login
          </span>
           - 
          <strong
            class="go1914257566"
          >
            XXX
          </strong>
        </div>
        <div
          class="go3306043453"
        >
          <span
            class="go3514387725"
          >
            Password
          </span>
           - 
          <strong
            class="go1914257566"
          >
            XXX
          </strong>
        </div>
      </div>
      <div
        class="go1569473757"
      />
    </span>
  </button>
</DocumentFragment>
`;
