// Jest Snapshot v1, https://goo.gl/fbAQLP

exports[`PasswordList should render correctly 1`] = `
<DocumentFragment>
  <section
    class="go103570428"
  >
    <div
      class="go1530330403"
    >
      <section
        class="go1009640918"
      >
        <undefined />
      </section>
    </div>
    <ul />
    <div
      class="go482900832"
    >
      <div
        class="go1566361126"
      >
        <img
          alt="icon"
          class="go115679"
          height="100"
          src="static-asset-stub"
          width="100"
        />
      </div>
      <div
        class="go710061235"
      >
        Connect to database to see your passwords here
      </div>
    </div>
  </section>
</DocumentFragment>
`;
