// Jest Snapshot v1, https://goo.gl/fbAQLP

exports[`OptionsPanelConnectExpanded should render correctly 1`] = `
<DocumentFragment>
  <section
    class="go115679"
  >
    <div
      class="go115679"
    >
      <div
        class="go4038517794"
      >
        <form>
          <section
            class="go3154290440"
          >
            <label
              class="go720639114"
              for="masterKey"
            >
              Enter your master key:
            </label>
            <div
              class="go3253370986"
            >
              <input
                aria-describedby="masterKey-error-message"
                aria-invalid="false"
                autofocus=""
                class="go3854179087"
                id="masterKey"
                name="masterKey"
                placeholder="e.g. MyStrongPassword1234"
                type="password"
              />
            </div>
          </section>
        </form>
      </div>
    </div>
    <div
      class="go3306721962"
    >
      <button
        class="go3135434547"
        type="button"
      >
        <span
          class="go4062099715"
        >
          Cancel
        </span>
      </button>
      <button
        class="go3135434547"
        disabled=""
        type="button"
      >
        <span
          class="go4062099715"
        >
          Confirm
        </span>
      </button>
    </div>
  </section>
</DocumentFragment>
`;
