// Jest Snapshot v1, https://goo.gl/fbAQLP

exports[`OptionsPanelAddNewExpanded should render correctly 1`] = `
<DocumentFragment>
  <section
    class="go115679"
  >
    <div
      class="go115679"
    >
      <div
        class="go4038517794"
      >
        <form>
          <div
            class="go4038517794"
          >
            <section
              class="go3154290440"
            >
              <label
                class="go720639114"
                for="label"
              >
                Label
              </label>
              <div
                class="go3253370986"
              >
                <input
                  aria-describedby="label-error-message"
                  aria-invalid="false"
                  class="go3854179087"
                  id="label"
                  name="label"
                  placeholder="e.g. My Bank Account"
                  type="text"
                />
              </div>
            </section>
          </div>
          <div
            class="go4038517794"
          >
            <section
              class="go3154290440"
            >
              <label
                class="go720639114"
                for="login"
              >
                Login
              </label>
              <div
                class="go3253370986"
              >
                <input
                  aria-describedby="login-error-message"
                  aria-invalid="false"
                  class="go3854179087"
                  id="login"
                  name="login"
                  placeholder="e.g. yourmail@yourmail.com"
                  type="text"
                />
              </div>
            </section>
          </div>
          <div
            class="go4038517794"
          >
            <section
              class="go3154290440"
            >
              <label
                class="go720639114"
                for="password"
              >
                Password
              </label>
              <div
                class="go3253370986"
              >
                <input
                  aria-describedby="password-error-message"
                  aria-invalid="false"
                  class="go3854179087"
                  id="password"
                  name="password"
                  placeholder="e.g. myPassWord1234"
                  type="password"
                />
              </div>
            </section>
          </div>
          <div
            class="go4038517794"
          >
            <section
              class="go3154290440"
            >
              <label
                class="go720639114"
                for="encryptionKey"
              >
                Encryption key
                <div
                  class="go1162513423"
                >
                  Note: it's recommended to use master key here.
                </div>
              </label>
              <div
                class="go3253370986"
              >
                <input
                  aria-describedby="encryptionKey-error-message"
                  aria-invalid="false"
                  class="go3854179087"
                  id="encryptionKey"
                  name="encryptionKey"
                  placeholder="e.g. MyStrongPassword1234"
                  type="password"
                />
              </div>
            </section>
          </div>
          <input
            hidden=""
            type="submit"
          />
        </form>
      </div>
    </div>
    <div
      class="go3306721962"
    >
      <button
        class="go3135434547"
        type="button"
      >
        <span
          class="go4062099715"
        >
          Cancel
        </span>
      </button>
      <button
        class="go3135434547"
        disabled=""
        type="button"
      >
        <span
          class="go4062099715"
        >
          Add
        </span>
      </button>
    </div>
  </section>
</DocumentFragment>
`;
