// Jest Snapshot v1, https://goo.gl/fbAQLP

exports[`Settings should render correctly 1`] = `
<DocumentFragment>
  <section
    class="go1389372715"
  >
    <header
      class="go3156958569"
    >
      <h2
        class="go1407545707"
      >
        Connect to existing database
      </h2>
    </header>
    <div
      class="go4046372879"
    >
      <form>
        <div
          class="go3855825780"
        >
          <section
            class="go3154290440"
          >
            <div
              class="go720639114"
            >
              <div
                class="go1007768492"
              >
                FaunaDB admin key - 
                <span
                  class="go3096822955"
                >
                  you can find it on your FaunaDB account.
                </span>
              </div>
            </div>
            <div
              class="go3253370986"
            >
              <input
                class="go3854179087"
                name="adminKey"
                placeholder="92xIJf_ge234kalfnqql4o25ou4334201"
                type="password"
              />
            </div>
          </section>
        </div>
        <div
          class="go3855825780"
        >
          <section
            class="go3154290440"
          >
            <div
              class="go720639114"
            >
              <div
                class="go1007768492"
              >
                Master key - 
                <span
                  class="go3096822955"
                >
                  you'll use that key every time you'll want to decrypt your passwords. Remember it!
                </span>
              </div>
              <div
                class="go1007768492 go4051580960"
              >
                Note: 
                <span
                  class="go3096822955"
                >
                  if you want to connect to database which already has encrypted passwords - use the same master key as during initial connection.
                </span>
              </div>
            </div>
            <div
              class="go3253370986"
            >
              <input
                class="go3854179087"
                name="masterKey"
                placeholder="myMasterPassword1234"
                type="password"
              />
            </div>
          </section>
        </div>
        <div
          class="go1387591026"
        >
          <button
            class="go3135434547"
            type="button"
          >
            <span
              class="go4062099715"
            >
              Back
            </span>
          </button>
          <button
            class="go3135434547"
            disabled=""
            type="submit"
          >
            <span
              class="go4062099715"
            >
              Connect
            </span>
          </button>
        </div>
      </form>
    </div>
  </section>
</DocumentFragment>
`;
